[C:/Мои Web Сайты/Fibrolit/backblue.gif]
[C:/Мои Web Сайты/Fibrolit/fade.gif]
[C:/Мои Web Сайты/Fibrolit/index.html]
[C:/Мои Web Сайты/Fibrolit/fibrolit.ru/index.html]
[C:/Мои Web Сайты/Fibrolit/fibrolit.ru/comments/feed/index.html]
[C:/Мои Web Сайты/Fibrolit/fibrolit.ru/xmlrpc.php]
[C:/Мои Web Сайты/Fibrolit/fibrolit.ru/feed/index.html]
[C:/Мои Web Сайты/Fibrolit/fibrolit.ru/wp-includes/js/jquery/jquery-migrate.min330a.js]
[C:/Мои Web Сайты/Fibrolit/fibrolit.ru/wp-includes/js/jquery/jqueryb8ff.js]
[C:/Мои Web Сайты/Fibrolit/fibrolit.ru/wp-content/plugins/codeflavors-floating-menu/js/cfm_menu62d0.js]
[C:/Мои Web Сайты/Fibrolit/fibrolit.ru/wp-json/index.html]
[C:/Мои Web Сайты/Fibrolit/fibrolit.ru/xmlrpc0db0.php]
[C:/Мои Web Сайты/Fibrolit/fibrolit.ru/wp-includes/wlwmanifest.xml]
[C:/Мои Web Сайты/Fibrolit/fibrolit.ru/wp-json/oembed/1.0/embed3f13.json]
[C:/Мои Web Сайты/Fibrolit/fibrolit.ru/wp-json/oembed/1.0/embedf270]
[C:/Мои Web Сайты/Fibrolit/static.addtoany.com/menu/page.js]
[C:/Мои Web Сайты/Fibrolit/fibrolit.ru/wp-content/uploads/2016/07/F.jpg]
[C:/Мои Web Сайты/Fibrolit/fibrolit.ru/wp-content/uploads/2016/07/cropped-Fibrolit.jpg]
[C:/Мои Web Сайты/Fibrolit/fibrolit.ru/wp-includes/js/wp-embed.min62d0.js]
[C:/Мои Web Сайты/Fibrolit/fibrolit.ru/wp-includes/js/masonry.min0226.js]
[C:/Мои Web Сайты/Fibrolit/fibrolit.ru/wp-content/themes/fluida/resources/js/frontende6a9.js]
[C:/Мои Web Сайты/Fibrolit/fibrolit.ru/wp-includes/js/comment-reply.min62d0.js]
[C:/Мои Web Сайты/Fibrolit/fibrolit.ru/wp-includes/js/jquery/jquery.masonry.min0226.js]
[C:/Мои Web Сайты/Fibrolit/ajax.googleapis.com/ajax/libs/webfont/1.5.3/webfont.js]
[C:/Мои Web Сайты/Fibrolit/fibrolit.ru/wp-content/themes/fluida/resources/fonts/fontfacese6a9.css]
[C:/Мои Web Сайты/Fibrolit/fibrolit.ru/wp-content/themes/fluida/resources/fonts/elusive.eot]
[C:/Мои Web Сайты/Fibrolit/fibrolit.ru/wp-content/themes/fluida/resources/fonts/elusived41d.eot]
[C:/Мои Web Сайты/Fibrolit/fibrolit.ru/wp-content/themes/fluida/resources/fonts/elusive.woff]
[C:/Мои Web Сайты/Fibrolit/fibrolit.ru/wp-content/themes/fluida/resources/fonts/elusive.ttf]
[C:/Мои Web Сайты/Fibrolit/fibrolit.ru/wp-content/themes/fluida/stylee6a9.css]
[C:/Мои Web Сайты/Fibrolit/fibrolit.ru/wp-content/themes/fluida/resources/styles/responsivee6a9.css]
[C:/Мои Web Сайты/Fibrolit/fibrolit.ru/wp-content/plugins/add-to-any/addtoany.min2f3e.css]
[C:/Мои Web Сайты/Fibrolit/fibrolit.ru/wp-content/themes/fluida/resources/fonts/fontello.eot]
[C:/Мои Web Сайты/Fibrolit/fibrolit.ru/wp-content/themes/fluida/resources/fonts/fontellod41d.eot]
[C:/Мои Web Сайты/Fibrolit/fibrolit.ru/wp-content/themes/fluida/resources/fonts/fontello.woff]
[C:/Мои Web Сайты/Fibrolit/fibrolit.ru/wp-content/plugins/codeflavors-floating-menu/css/cfm_menu62d0.css]
[C:/Мои Web Сайты/Fibrolit/fibrolit.ru/wp-content/themes/fluida/resources/fonts/fontello.ttf]
[C:/Мои Web Сайты/Fibrolit/fibrolit.ru/topics/fibrolit_basics/index.html]
[C:/Мои Web Сайты/Fibrolit/fibrolit.ru/wp-content/plugins/codeflavors-floating-menu/images/dots-arrow-right.png]
[C:/Мои Web Сайты/Fibrolit/fibrolit.ru/wp-content/plugins/codeflavors-floating-menu/images/dots-arrow-left.png]
[C:/Мои Web Сайты/Fibrolit/fibrolit.ru/wp-json/oembed/1.0/embedd9e4.json]
[C:/Мои Web Сайты/Fibrolit/fibrolit.ru/wp-content/plugins/codeflavors-floating-menu/images/open-menu-ico.png]
[C:/Мои Web Сайты/Fibrolit/fibrolit.ru/wp-json/oembed/1.0/embed65b5]
[C:/Мои Web Сайты/Fibrolit/fibrolit.ru/what_is_fibrolit/index.html]
[C:/Мои Web Сайты/Fibrolit/fibrolit.ru/wp-content/uploads/2016/07/Fibrolit.jpg]
[C:/Мои Web Сайты/Fibrolit/fibrolit.ru/topics/fibrolit_basics/feed/index.html]
[C:/Мои Web Сайты/Fibrolit/fibrolit.ru/wp-json/oembed/1.0/embedd3c7.json]
[C:/Мои Web Сайты/Fibrolit/fibrolit.ru/what_is_fibrolit/feed/index.html]
[C:/Мои Web Сайты/Fibrolit/fibrolit.ru/wp-content/uploads/2016/07/Fibrolit-300x188.jpg]
[C:/Мои Web Сайты/Fibrolit/fibrolit.ru/wp-json/oembed/1.0/embedc55d]
[C:/Мои Web Сайты/Fibrolit/fibrolit.ru/fibrolit_properties/feed/index.html]
[C:/Мои Web Сайты/Fibrolit/fibrolit.ru/fibrolit_properties/index.html]
[C:/Мои Web Сайты/Fibrolit/fibrolit.ru/wp-json/oembed/1.0/embed3dc0.json]
[C:/Мои Web Сайты/Fibrolit/fibrolit.ru/history/feed/index.html]
[C:/Мои Web Сайты/Fibrolit/fibrolit.ru/wp-json/oembed/1.0/embed10a1]
[C:/Мои Web Сайты/Fibrolit/fibrolit.ru/history/index.html]
[C:/Мои Web Сайты/Fibrolit/fibrolit.ru/wp-json/oembed/1.0/embedaf52.json]
[C:/Мои Web Сайты/Fibrolit/fibrolit.ru/technology/feed/index.html]
[C:/Мои Web Сайты/Fibrolit/fibrolit.ru/wp-json/oembed/1.0/embed1a11]
[C:/Мои Web Сайты/Fibrolit/fibrolit.ru/technology/index.html]
[C:/Мои Web Сайты/Fibrolit/fibrolit.ru/topics/fibrolit_world/index.html]
[C:/Мои Web Сайты/Fibrolit/fibrolit.ru/wp-json/oembed/1.0/embed2f95.json]
[C:/Мои Web Сайты/Fibrolit/fibrolit.ru/topics/fibrolit_world/feed/index.html]
[C:/Мои Web Сайты/Fibrolit/fibrolit.ru/производители-фибролита/feed/index.html]
[C:/Мои Web Сайты/Fibrolit/fibrolit.ru/wp-json/oembed/1.0/embede21f]
[C:/Мои Web Сайты/Fibrolit/fibrolit.ru/производители-фибролита/index.html]
[C:/Мои Web Сайты/Fibrolit/fibrolit.ru/topics/fibrolit_comparison/index.html]
[C:/Мои Web Сайты/Fibrolit/fibrolit.ru/wp-json/oembed/1.0/embed632c.json]
[C:/Мои Web Сайты/Fibrolit/fibrolit.ru/topics/fibrolit_comparison/feed/index.html]
[C:/Мои Web Сайты/Fibrolit/fibrolit.ru/сравнение-фибролита-с-другими-строит/feed/index.html]
[C:/Мои Web Сайты/Fibrolit/fibrolit.ru/wp-json/oembed/1.0/embed6741]
[C:/Мои Web Сайты/Fibrolit/fibrolit.ru/сравнение-фибролита-с-другими-строит/index.html]
[C:/Мои Web Сайты/Fibrolit/fibrolit.ru/wp-json/oembed/1.0/embed44b1]
[C:/Мои Web Сайты/Fibrolit/fibrolit.ru/homes_comparison/feed/index.html]
[C:/Мои Web Сайты/Fibrolit/fibrolit.ru/wp-json/oembed/1.0/embedee2b]
[C:/Мои Web Сайты/Fibrolit/fibrolit.ru/homes_comparison/index.html]
[C:/Мои Web Сайты/Fibrolit/fibrolit.ru/topics/fibrolite_future/index.html]
[C:/Мои Web Сайты/Fibrolit/fibrolit.ru/wp-content/themes/fluida/resources/fonts/elusived41d.svg]
[C:/Мои Web Сайты/Fibrolit/fibrolit.ru/wp-content/themes/fluida/resources/fonts/fontellod41d.svg]
[C:/Мои Web Сайты/Fibrolit/fibrolit.ru/author/admin/index.html]
[C:/Мои Web Сайты/Fibrolit/fibrolit.ru/indexcff1.html]
[C:/Мои Web Сайты/Fibrolit/fibrolit.ru/index2cf9.html]
[C:/Мои Web Сайты/Fibrolit/fibrolit.ru/index88b9.html]
[C:/Мои Web Сайты/Fibrolit/fibrolit.ru/indexcbb6.html]
[C:/Мои Web Сайты/Fibrolit/fibrolit.ru/index8cf7.html]
[C:/Мои Web Сайты/Fibrolit/fibrolit.ru/index5e74.html]
[C:/Мои Web Сайты/Fibrolit/fibrolit.ru/indexcc0f.html]
[C:/Мои Web Сайты/Fibrolit/fibrolit.ru/topics/fibrolite_future/feed/index.html]
[C:/Мои Web Сайты/Fibrolit/fibrolit.ru/author/admin/feed/index.html]
